{
    "data": {
        "currentUser": {
            "id": "VXNlck5vZGU6MQ==",
            "person": {
                "createdEvents": {
                    "edges": [
                        {
                            "node": {
                                "event": {
                                    "dateStart": "2017-10-01",
                                    "id": "RXZlbnROb2RlOjEw",
                                    "isReoccuringYearly": false,
                                    "name": "event_name_9",
                                    "timeStart": null
                                },
                                "id": "QXNzb2NpYXRlZEV2ZW50Tm9kZToxMA==",
                                "receivingPerson": {
                                    "fullName": "FirstName#0 LastName#0",
                                    "id": "UGVyc29uTm9kZTox"
                                },
                                "transactions": {
                                    "edges": [
                                        {
                                            "node": {
                                                "id": "VHJhbnNhY3Rpb25Ob2RlOjE="
                                            }
                                        }
                                    ]
                                }
                            }
                        },
                        {
                            "node": {
                                "event": {
                                    "dateStart": "2017-09-01",
                                    "id": "RXZlbnROb2RlOjk=",
                                    "isReoccuringYearly": true,
                                    "name": "event_name_8",
                                    "timeStart": "13:30:30"
                                },
                                "id": "QXNzb2NpYXRlZEV2ZW50Tm9kZTo5",
                                "receivingPerson": {
                                    "fullName": "FirstName#0 LastName#0",
                                    "id": "UGVyc29uTm9kZTox"
                                },
                                "transactions": {
                                    "edges": [
                                        {
                                            "node": {
                                                "id": "VHJhbnNhY3Rpb25Ob2RlOjI="
                                            }
                                        }
                                    ]
                                }
                            }
                        },
                        {
                            "node": {
                                "event": {
                                    "dateStart": "2017-08-01",
                                    "id": "RXZlbnROb2RlOjg=",
                                    "isReoccuringYearly": false,
                                    "name": "event_name_7",
                                    "timeStart": null
                                },
                                "id": "QXNzb2NpYXRlZEV2ZW50Tm9kZTo4",
                                "receivingPerson": {
                                    "fullName": "FirstName#0 LastName#0",
                                    "id": "UGVyc29uTm9kZTox"
                                },
                                "transactions": {
                                    "edges": [
                                        {
                                            "node": {
                                                "id": "VHJhbnNhY3Rpb25Ob2RlOjM="
                                            }
                                        }
                                    ]
                                }
                            }
                        },
                        {
                            "node": {
                                "event": {
                                    "dateStart": "2017-07-01",
                                    "id": "RXZlbnROb2RlOjc=",
                                    "isReoccuringYearly": true,
                                    "name": "event_name_6",
                                    "timeStart": "13:30:30"
                                },
                                "id": "QXNzb2NpYXRlZEV2ZW50Tm9kZTo3",
                                "receivingPerson": {
                                    "fullName": "FirstName#0 LastName#0",
                                    "id": "UGVyc29uTm9kZTox"
                                },
                                "transactions": {
                                    "edges": [
                                        {
                                            "node": {
                                                "id": "VHJhbnNhY3Rpb25Ob2RlOjQ="
                                            }
                                        }
                                    ]
                                }
                            }
                        },
                        {
                            "node": {
                                "event": {
                                    "dateStart": "2017-06-01",
                                    "id": "RXZlbnROb2RlOjY=",
                                    "isReoccuringYearly": false,
                                    "name": "event_name_5",
                                    "timeStart": null
                                },
                                "id": "QXNzb2NpYXRlZEV2ZW50Tm9kZTo2",
                                "receivingPerson": {
                                    "fullName": "FirstName#0 LastName#0",
                                    "id": "UGVyc29uTm9kZTox"
                                },
                                "transactions": {
                                    "edges": [
                                        {
                                            "node": {
                                                "id": "VHJhbnNhY3Rpb25Ob2RlOjU="
                                            }
                                        }
                                    ]
                                }
                            }
                        },
                        {
                            "node": {
                                "event": {
                                    "dateStart": "2017-05-01",
                                    "id": "RXZlbnROb2RlOjU=",
                                    "isReoccuringYearly": true,
                                    "name": "event_name_4",
                                    "timeStart": "13:30:30"
                                },
                                "id": "QXNzb2NpYXRlZEV2ZW50Tm9kZTo1",
                                "receivingPerson": {
                                    "fullName": "FirstName#0 LastName#0",
                                    "id": "UGVyc29uTm9kZTox"
                                },
                                "transactions": {
                                    "edges": [
                                        {
                                            "node": {
                                                "id": "VHJhbnNhY3Rpb25Ob2RlOjY="
                                            }
                                        }
                                    ]
                                }
                            }
                        },
                        {
                            "node": {
                                "event": {
                                    "dateStart": "2017-04-01",
                                    "id": "RXZlbnROb2RlOjQ=",
                                    "isReoccuringYearly": false,
                                    "name": "event_name_3",
                                    "timeStart": null
                                },
                                "id": "QXNzb2NpYXRlZEV2ZW50Tm9kZTo0",
                                "receivingPerson": {
                                    "fullName": "FirstName#0 LastName#0",
                                    "id": "UGVyc29uTm9kZTox"
                                },
                                "transactions": {
                                    "edges": [
                                        {
                                            "node": {
                                                "id": "VHJhbnNhY3Rpb25Ob2RlOjc="
                                            }
                                        }
                                    ]
                                }
                            }
                        },
                        {
                            "node": {
                                "event": {
                                    "dateStart": "2017-03-01",
                                    "id": "RXZlbnROb2RlOjM=",
                                    "isReoccuringYearly": true,
                                    "name": "event_name_2",
                                    "timeStart": "13:30:30"
                                },
                                "id": "QXNzb2NpYXRlZEV2ZW50Tm9kZToz",
                                "receivingPerson": {
                                    "fullName": "FirstName#0 LastName#0",
                                    "id": "UGVyc29uTm9kZTox"
                                },
                                "transactions": {
                                    "edges": [
                                        {
                                            "node": {
                                                "id": "VHJhbnNhY3Rpb25Ob2RlOjg="
                                            }
                                        }
                                    ]
                                }
                            }
                        },
                        {
                            "node": {
                                "event": {
                                    "dateStart": "2017-02-01",
                                    "id": "RXZlbnROb2RlOjI=",
                                    "isReoccuringYearly": false,
                                    "name": "event_name_1",
                                    "timeStart": null
                                },
                                "id": "QXNzb2NpYXRlZEV2ZW50Tm9kZToy",
                                "receivingPerson": {
                                    "fullName": "FirstName#0 LastName#0",
                                    "id": "UGVyc29uTm9kZTox"
                                },
                                "transactions": {
                                    "edges": [
                                        {
                                            "node": {
                                                "id": "VHJhbnNhY3Rpb25Ob2RlOjk="
                                            }
                                        }
                                    ]
                                }
                            }
                        },
                        {
                            "node": {
                                "event": {
                                    "dateStart": "2017-01-01",
                                    "id": "RXZlbnROb2RlOjE=",
                                    "isReoccuringYearly": true,
                                    "name": "event_name_0",
                                    "timeStart": "13:30:30"
                                },
                                "id": "QXNzb2NpYXRlZEV2ZW50Tm9kZTox",
                                "receivingPerson": {
                                    "fullName": "FirstName#0 LastName#0",
                                    "id": "UGVyc29uTm9kZTox"
                                },
                                "transactions": {
                                    "edges": [
                                        {
                                            "node": {
                                                "id": "VHJhbnNhY3Rpb25Ob2RlOjEw"
                                            }
                                        }
                                    ]
                                }
                            }
                        }
                    ]
                },
                "fullName": "FirstName#0 LastName#0",
                "id": "UGVyc29uTm9kZTox"
            }
        }
    }
}