{
    "data": {
        "createTransaction": null
    },
    "errors": [
        {
            "data": {
                "associatedLocationId": [
                    "Invalid pk \"5\" - object does not exist."
                ]
            },
            "message": "{'associated_location_id': ['Invalid pk \"5\" - object does not exist.']}"
        }
    ]
}