{
    "errors": [
        {
            "locations": [
                {
                    "column": 40,
                    "line": 1
                }
            ],
            "message": "Whoops! Something went wrong on our end. We're looking in to it now."
        }
    ]
}