{
    "data": {
        "createAssociatedLocation": null
    },
    "errors": [
        {
            "data": {
                "location": {
                    "streetAddressLine1": [
                        "This field may not be blank."
                    ]
                }
            },
            "message": "{'location': {'street_address_line1': ['This field may not be blank.']}}"
        }
    ]
}