{
    "data": {
        "createUser": {
            "user": {
                "email": "travis@ge.com"
            }
        }
    }
}