{
    "data": {
        "createTransaction": {
            "transaction": {
                "associatedLocation": {
                    "id": "QXNzb2NpYXRlZExvY2F0aW9uTm9kZTo0",
                    "location": {
                        "displayName": "83 Main St. Apt #83, city_83 DE 11194",
                        "id": "TG9jYXRpb25Ob2RlOjg0"
                    }
                },
                "costUsd": 2.0,
                "id": "VHJhbnNhY3Rpb25Ob2RlOjEx",
                "product": {
                    "id": "UHJvZHVjdE5vZGU6UHJvZHVjdCAjOSBTbHVn",
                    "name": "Product #9"
                },
                "productNotes": "word dawg",
                "stripeTransactionId": "TESTING_CHARGE_ID"
            }
        }
    }
}