{
    "data": {
        "createPerson": null
    },
    "errors": [
        {
            "data": [
                "People must have at least one address."
            ]
        }
    ]
}