{
    "data": {
        "createUser": null
    },
    "errors": [
        {
            "data": {
                "username": "A user with this information already exists"
            },
            "message": "{'username': 'A user with this information already exists'}"
        }
    ]
}