{
    "data": {
        "createStripeUser": null
    },
    "errors": [
        {
            "message": "User tried to create stripe account that already existed"
        }
    ]
}