{
    "data": {
        "createAssociatedEvent": null
    },
    "errors": [
        {
            "data": {
                "receivingPersonId": [
                    "Invalid pk \"4\" - object does not exist."
                ]
            }
        }
    ]
}