{
    "data": {
        "createAssociatedEvent": null
    },
    "errors": [
        {
            "data": {
                "eventId": [
                    "Invalid pk \"13\" - object does not exist."
                ]
            },
            "message": "{'event_id': ['Invalid pk \"13\" - object does not exist.']}"
        }
    ]
}