{
  "data": {
    "currentUser": {
      "id": "VXNlck5vZGU6MQ== (UserNode:1)",
      "person": {
        "fullName": "Travis Bloom",
        "id": "UGVyc29uTm9kZTox (PersonNode:1)"
      }
    }
  }
}