{
    "data": {
        "associatedEvent": {
            "event": {
                "dateStart": "2017-01-01",
                "id": "RXZlbnROb2RlOjE= (EventNode:1)",
                "isReoccuringYearly": true,
                "name": "event_name_0",
                "timeStart": "13:30:30"
            },
            "id": "QXNzb2NpYXRlZEV2ZW50Tm9kZTox (AssociatedEventNode:1)",
            "receivingPerson": {
                "associatedLocations": {
                    "edges": [
                        {
                            "node": {
                                "id": "QXNzb2NpYXRlZExvY2F0aW9uTm9kZToxMw== (AssociatedLocationNode:13)",
                                "location": {
                                    "displayName": "12 Main St. Apt #12, city_12 MA 11123",
                                    "id": "TG9jYXRpb25Ob2RlOjEz (LocationNode:13)"
                                }
                            }
                        }
                    ]
                },
                "fullName": "FirstName#9 LastName#9",
                "id": "UGVyc29uTm9kZToxMA== (PersonNode:10)"
            }
        },
        "currentUser": {
            "email": "useremail@email.com",
            "hasStripeUser": true,
            "id": "VXNlck5vZGU6MQ== (UserNode:1)",
            "person": {
                "fullName": "UserFirstName UserLastName",
                "id": "UGVyc29uTm9kZToxMDAw (PersonNode:1000)"
            }
        },
        "product": {
            "costUsd": 2.0,
            "description": "Product #0's Description",
            "id": "UHJvZHVjdE5vZGU6UHJvZHVjdCAjMCBTbHVn (ProductNode:Product #0 Slug)",
            "name": "Product #0",
            "slug": "Product #0 Slug"
        }
    }
}