{
    "data": {
        "transaction": {
            "associatedEvent": {
                "event": {
                    "dateStart": "2021-12-01",
                    "id": "RXZlbnROb2RlOjYw",
                    "isReoccuringYearly": false,
                    "name": "event_name_59",
                    "timeStart": null
                },
                "id": "QXNzb2NpYXRlZEV2ZW50Tm9kZToxMA=="
            },
            "associatedLocation": {
                "id": "QXNzb2NpYXRlZExvY2F0aW9uTm9kZTox",
                "location": {
                    "displayName": "14 Main St. Apt #14, city_14 MA 11125",
                    "id": "TG9jYXRpb25Ob2RlOjE1"
                }
            },
            "costUsd": 2.0,
            "datetimeCreated": "2017-03-26T17:40:29.814379+00:00",
            "id": "VHJhbnNhY3Rpb25Ob2RlOjE=",
            "product": {
                "description": "Product #0's Description",
                "id": "UHJvZHVjdE5vZGU6UHJvZHVjdCAjMCBTbHVn",
                "mainImageUrl": "http://placehold.it/350x150",
                "name": "Product #0"
            },
            "productNotes": "Product notes: 0",
            "receivingPerson": {
                "fullName": "FirstName#57 LastName#57",
                "id": "UGVyc29uTm9kZTo1OA=="
            }
        }
    }
}