{
    "data": {
        "associatedEvent": {
            "event": {
                "dateStart": "2017-01-01",
                "id": "RXZlbnROb2RlOjE=",
                "isReoccuringYearly": true,
                "name": "event_name_0",
                "relatedProducts": {
                    "edges": []
                },
                "timeStart": "13:30:30"
            },
            "id": "QXNzb2NpYXRlZEV2ZW50Tm9kZTox",
            "receivingPerson": {
                "fullName": "FirstName#9 LastName#9",
                "id": "UGVyc29uTm9kZToxMA=="
            },
            "transactions": {
                "edges": []
            }
        }
    }
}