{
    "data": {
        "currentUser": {
            "id": "VXNlck5vZGU6MQ==",
            "person": {
                "fullName": "FirstName#0 LastName#0",
                "id": "UGVyc29uTm9kZTox"
            }
        }
    }
}